2026-08-11T21:44:42-0400 | INFO    | price_guard | Azure Price Guard starting; config=config.yaml
2026-08-11T21:44:42-0400 | INFO    | price_guard | Removed existing database /Users/cacoisaac/Documents/CACO/freelance/demos/azure-price-guard/data/price_guard.db
2026-08-11T21:44:42-0400 | INFO    | price_guard | === PASS 1/2: baseline collection from the live API ===
2026-08-11T21:44:42-0400 | INFO    | price_guard.db | Run 20260812T014442-bb179e started (source=api)
2026-08-11T21:44:42-0400 | INFO    | price_guard.api | Querying target 'vm-eastus-general-purpose': serviceName eq 'Virtual Machines' and armRegionName eq 'eastus' and (armSkuName eq 'Standard_D2s_v3' or armSkuName eq 'Standard_D4s_v3' or armSkuName eq 'Standard_B2ms') and (type eq 'Consumption')
2026-08-11T21:44:43-0400 | INFO    | price_guard.api | Target 'vm-eastus-general-purpose': 6 records kept across 1 page(s)
2026-08-11T21:44:43-0400 | INFO    | price_guard.api | Querying target 'vm-westeurope-general-purpose': serviceName eq 'Virtual Machines' and armRegionName eq 'westeurope' and (armSkuName eq 'Standard_D2s_v3' or armSkuName eq 'Standard_D4s_v3') and (type eq 'Consumption')
2026-08-11T21:44:44-0400 | INFO    | price_guard.api | Target 'vm-westeurope-general-purpose': 4 records kept across 1 page(s)
2026-08-11T21:44:44-0400 | INFO    | price_guard.api | Querying target 'storage-eastus': serviceName eq 'Storage' and armRegionName eq 'eastus' and (type eq 'Consumption')
2026-08-11T21:44:46-0400 | INFO    | price_guard.api | Target 'storage-eastus': 1505 records kept across 2 page(s)
2026-08-11T21:44:46-0400 | INFO    | price_guard.api | Fetched 1515 records in total from the Retail Prices API
2026-08-11T21:44:46-0400 | INFO    | price_guard.db | Inserted 1515 snapshot rows for run 20260812T014442-bb179e
2026-08-11T21:44:46-0400 | INFO    | price_guard | === PASS 2/2: current collection from the live API ===
2026-08-11T21:44:46-0400 | INFO    | price_guard.db | Run 20260812T014446-b32e06 started (source=api)
2026-08-11T21:44:46-0400 | INFO    | price_guard.api | Querying target 'vm-eastus-general-purpose': serviceName eq 'Virtual Machines' and armRegionName eq 'eastus' and (armSkuName eq 'Standard_D2s_v3' or armSkuName eq 'Standard_D4s_v3' or armSkuName eq 'Standard_B2ms') and (type eq 'Consumption')
2026-08-11T21:44:52-0400 | INFO    | price_guard.api | Target 'vm-eastus-general-purpose': 6 records kept across 1 page(s)
2026-08-11T21:44:52-0400 | INFO    | price_guard.api | Querying target 'vm-westeurope-general-purpose': serviceName eq 'Virtual Machines' and armRegionName eq 'westeurope' and (armSkuName eq 'Standard_D2s_v3' or armSkuName eq 'Standard_D4s_v3') and (type eq 'Consumption')
2026-08-11T21:44:52-0400 | INFO    | price_guard.api | Target 'vm-westeurope-general-purpose': 4 records kept across 1 page(s)
2026-08-11T21:44:52-0400 | INFO    | price_guard.api | Querying target 'storage-eastus': serviceName eq 'Storage' and armRegionName eq 'eastus' and (type eq 'Consumption')
2026-08-11T21:44:56-0400 | INFO    | price_guard.api | Target 'storage-eastus': 1505 records kept across 2 page(s)
2026-08-11T21:44:56-0400 | INFO    | price_guard.api | Fetched 1515 records in total from the Retail Prices API
2026-08-11T21:44:56-0400 | INFO    | price_guard.db | Inserted 1515 snapshot rows for run 20260812T014446-b32e06
2026-08-11T21:44:56-0400 | WARNING | price_guard.db | INTENTIONAL price change: run=20260812T014446-b32e06 sku=Standard_D2s_v3 meter=bb009211-3bf3-4734-a7e2-52cb394d2b0f factor=1.180 (1 row(s))
2026-08-11T21:44:56-0400 | INFO    | price_guard.ui.pages | Following search path 'calculator_service_search' with 6 step(s)
2026-08-11T21:44:56-0400 | DEBUG   | price_guard.ui.pages |   step 1/6: wait_visible search_input
2026-08-11T21:44:56-0400 | DEBUG   | price_guard.ui.pages |   step 2/6: clear search_input
2026-08-11T21:44:56-0400 | DEBUG   | price_guard.ui.pages |   step 3/6: type search_input
2026-08-11T21:44:56-0400 | DEBUG   | price_guard.ui.pages |   step 4/6: click search_submit
2026-08-11T21:44:56-0400 | DEBUG   | price_guard.ui.pages |   step 5/6: wait_visible first_result
2026-08-11T21:44:56-0400 | DEBUG   | price_guard.ui.pages |   step 6/6: click first_result
2026-08-11T21:44:56-0400 | INFO    | price_guard.ui.pages | Following search path 'calculator_sku_filter' with 4 step(s)
2026-08-11T21:44:56-0400 | DEBUG   | price_guard.ui.pages |   step 1/4: wait_visible region_select
2026-08-11T21:44:56-0400 | DEBUG   | price_guard.ui.pages |   step 2/4: select region_select
2026-08-11T21:44:56-0400 | DEBUG   | price_guard.ui.pages |   step 3/4: select instance_select
2026-08-11T21:44:56-0400 | DEBUG   | price_guard.ui.pages |   step 4/4: wait_visible price_label
2026-08-11T21:44:56-0400 | INFO    | price_guard.ui.pages | UI observed Standard_D2s_v3 in eastus: '$0.1880/hour' -> 0.188
2026-08-11T21:44:56-0400 | INFO    | price_guard.ui.pages | Following search path 'calculator_service_search' with 6 step(s)
2026-08-11T21:44:56-0400 | DEBUG   | price_guard.ui.pages |   step 1/6: wait_visible search_input
2026-08-11T21:44:56-0400 | DEBUG   | price_guard.ui.pages |   step 2/6: clear search_input
2026-08-11T21:44:56-0400 | DEBUG   | price_guard.ui.pages |   step 3/6: type search_input
2026-08-11T21:44:56-0400 | DEBUG   | price_guard.ui.pages |   step 4/6: click search_submit
2026-08-11T21:44:56-0400 | DEBUG   | price_guard.ui.pages |   step 5/6: wait_visible first_result
2026-08-11T21:44:56-0400 | DEBUG   | price_guard.ui.pages |   step 6/6: click first_result
2026-08-11T21:44:56-0400 | INFO    | price_guard.ui.pages | Following search path 'calculator_sku_filter' with 4 step(s)
2026-08-11T21:44:56-0400 | DEBUG   | price_guard.ui.pages |   step 1/4: wait_visible region_select
2026-08-11T21:44:56-0400 | DEBUG   | price_guard.ui.pages |   step 2/4: select region_select
2026-08-11T21:44:56-0400 | DEBUG   | price_guard.ui.pages |   step 3/4: select instance_select
2026-08-11T21:44:56-0400 | DEBUG   | price_guard.ui.pages |   step 4/4: wait_visible price_label
2026-08-11T21:44:56-0400 | INFO    | price_guard.ui.pages | UI observed Standard_B2ms in eastus: '$0.0912/hour' -> 0.0912
2026-08-11T21:44:56-0400 | INFO    | price_guard.rules | Validation produced 98 finding(s) for run 20260812T014446-b32e06 (baseline=20260812T014442-bb179e)
2026-08-11T21:44:56-0400 | INFO    | price_guard.reporting | Wrote 1430 rows to /Users/cacoisaac/Documents/CACO/freelance/demos/azure-price-guard/reports/summary.csv
2026-08-11T21:44:56-0400 | INFO    | price_guard.reporting | Wrote 98 findings to /Users/cacoisaac/Documents/CACO/freelance/demos/azure-price-guard/reports/findings.csv
2026-08-11T21:44:56-0400 | INFO    | price_guard.reporting | Report written to /Users/cacoisaac/Documents/CACO/freelance/demos/azure-price-guard/reports/report.html
2026-08-11T21:44:56-0400 | INFO    | price_guard | Run 20260812T014446-b32e06 complete: 98 finding(s)
2026-08-11T21:44:56-0400 | INFO    | price_guard |   [HIGH] PRICE_GAP - Meter 'D2s v3' was priced at 0.096 in run 20260812T014442-bb179e and is absent from this run.
2026-08-11T21:44:56-0400 | INFO    | price_guard |   [HIGH] PRICE_DRIFT - D2s v3 (1 Hour) moved 0.212000 -> 0.250160 USD = +18.00%, above the 5.0% threshold. [SYNTHETIC - intentionally injected]
2026-08-11T21:44:56-0400 | INFO    | price_guard |   [LOW] NON_POSITIVE_PRICE - Consumption meter 'Account Encrypted Delete Operations' priced at 0.0 - zero price; confirm the operation is genuinely free.
2026-08-11T21:44:56-0400 | INFO    | price_guard |   [LOW] NON_POSITIVE_PRICE - Consumption meter 'Account Encrypted Delete Operations' priced at 0.0 - zero price; confirm the operation is genuinely free.
2026-08-11T21:44:56-0400 | INFO    | price_guard |   [LOW] NON_POSITIVE_PRICE - Consumption meter 'Account Encrypted Delete Operations' priced at 0.0 - zero price; confirm the operation is genuinely free.
2026-08-11T21:44:56-0400 | INFO    | price_guard |   [LOW] NON_POSITIVE_PRICE - Consumption meter 'Account Encrypted Delete Operations' priced at 0.0 - zero price; confirm the operation is genuinely free.
2026-08-11T21:44:56-0400 | INFO    | price_guard |   [LOW] NON_POSITIVE_PRICE - Consumption meter 'Account Encrypted Delete Operations' priced at 0.0 - zero price; confirm the operation is genuinely free.
2026-08-11T21:44:56-0400 | INFO    | price_guard |   [LOW] NON_POSITIVE_PRICE - Consumption meter 'Account Encrypted Delete Operations' priced at 0.0 - zero price; confirm the operation is genuinely free.
2026-08-11T21:44:56-0400 | INFO    | price_guard |   [LOW] NON_POSITIVE_PRICE - Consumption meter 'Archive Data Write' priced at 0.0 - zero price; confirm the operation is genuinely free.
2026-08-11T21:44:56-0400 | INFO    | price_guard |   [LOW] NON_POSITIVE_PRICE - Consumption meter 'Archive Data Write' priced at 0.0 - zero price; confirm the operation is genuinely free.
2026-08-11T21:44:56-0400 | INFO    | price_guard |   [LOW] NON_POSITIVE_PRICE - Consumption meter 'Archive Data Write' priced at 0.0 - zero price; confirm the operation is genuinely free.
2026-08-11T21:44:56-0400 | INFO    | price_guard |   [LOW] NON_POSITIVE_PRICE - Consumption meter 'Archive Data Write' priced at 0.0 - zero price; confirm the operation is genuinely free.
2026-08-11T21:44:56-0400 | INFO    | price_guard |   [LOW] NON_POSITIVE_PRICE - Consumption meter 'Archive Data Write' priced at 0.0 - zero price; confirm the operation is genuinely free.
2026-08-11T21:44:56-0400 | INFO    | price_guard |   [LOW] NON_POSITIVE_PRICE - Consumption meter 'Archive Data Write' priced at 0.0 - zero price; confirm the operation is genuinely free.
2026-08-11T21:44:56-0400 | INFO    | price_guard |   [LOW] NON_POSITIVE_PRICE - Consumption meter 'Archive Data Write' priced at 0.0 - zero price; confirm the operation is genuinely free.
2026-08-11T21:44:56-0400 | INFO    | price_guard |   [LOW] NON_POSITIVE_PRICE - Consumption meter 'Cold RA-GZRS Data Write' priced at 0.0 - zero price; confirm the operation is genuinely free.
2026-08-11T21:44:56-0400 | INFO    | price_guard |   [LOW] NON_POSITIVE_PRICE - Consumption meter 'Cold RA-GRS Data Write' priced at 0.0 - zero price; confirm the operation is genuinely free.
2026-08-11T21:44:56-0400 | INFO    | price_guard |   [LOW] NON_POSITIVE_PRICE - Consumption meter 'Cold GRS Data Write' priced at 0.0 - zero price; confirm the operation is genuinely free.
2026-08-11T21:44:56-0400 | INFO    | price_guard |   [LOW] NON_POSITIVE_PRICE - Consumption meter 'Cold GRS Data Write' priced at 0.0 - zero price; confirm the operation is genuinely free.
2026-08-11T21:44:56-0400 | INFO    | price_guard |   [LOW] NON_POSITIVE_PRICE - Consumption meter 'Cold RA-GRS Data Write' priced at 0.0 - zero price; confirm the operation is genuinely free.
2026-08-11T21:44:56-0400 | INFO    | price_guard |   [LOW] NON_POSITIVE_PRICE - Consumption meter 'Cold GZRS Data Write' priced at 0.0 - zero price; confirm the operation is genuinely free.
2026-08-11T21:44:56-0400 | INFO    | price_guard |   [LOW] NON_POSITIVE_PRICE - Consumption meter 'Cold GZRS Data Write' priced at 0.0 - zero price; confirm the operation is genuinely free.
2026-08-11T21:44:56-0400 | INFO    | price_guard |   [LOW] NON_POSITIVE_PRICE - Consumption meter 'Cold LRS Data Write' priced at 0.0 - zero price; confirm the operation is genuinely free.
2026-08-11T21:44:56-0400 | INFO    | price_guard |   [LOW] NON_POSITIVE_PRICE - Consumption meter 'Cold RA-GRS Data Write' priced at 0.0 - zero price; confirm the operation is genuinely free.
2026-08-11T21:44:56-0400 | INFO    | price_guard |   [LOW] NON_POSITIVE_PRICE - Consumption meter 'Cold ZRS Data Write' priced at 0.0 - zero price; confirm the operation is genuinely free.
2026-08-11T21:44:56-0400 | INFO    | price_guard |   [LOW] NON_POSITIVE_PRICE - Consumption meter 'Cold RA-GZRS Data Write' priced at 0.0 - zero price; confirm the operation is genuinely free.
2026-08-11T21:44:56-0400 | INFO    | price_guard |   [LOW] NON_POSITIVE_PRICE - Consumption meter 'Cold RA-GRS Data Write' priced at 0.0 - zero price; confirm the operation is genuinely free.
2026-08-11T21:44:56-0400 | INFO    | price_guard |   [LOW] NON_POSITIVE_PRICE - Consumption meter 'Cold GRS Data Write' priced at 0.0 - zero price; confirm the operation is genuinely free.
2026-08-11T21:44:56-0400 | INFO    | price_guard |   [LOW] NON_POSITIVE_PRICE - Consumption meter 'Cold ZRS Data Write' priced at 0.0 - zero price; confirm the operation is genuinely free.
2026-08-11T21:44:56-0400 | INFO    | price_guard |   [LOW] NON_POSITIVE_PRICE - Consumption meter 'Cold RA-GZRS Data Write' priced at 0.0 - zero price; confirm the operation is genuinely free.
2026-08-11T21:44:56-0400 | INFO    | price_guard |   [LOW] NON_POSITIVE_PRICE - Consumption meter 'Cold ZRS Data Write' priced at 0.0 - zero price; confirm the operation is genuinely free.
2026-08-11T21:44:56-0400 | INFO    | price_guard |   [LOW] NON_POSITIVE_PRICE - Consumption meter 'Cold GZRS Data Write' priced at 0.0 - zero price; confirm the operation is genuinely free.
2026-08-11T21:44:56-0400 | INFO    | price_guard |   [LOW] NON_POSITIVE_PRICE - Consumption meter 'Cold LRS Data Write' priced at 0.0 - zero price; confirm the operation is genuinely free.
2026-08-11T21:44:56-0400 | INFO    | price_guard |   [LOW] NON_POSITIVE_PRICE - Consumption meter 'Cold GRS Data Write' priced at 0.0 - zero price; confirm the operation is genuinely free.
2026-08-11T21:44:56-0400 | INFO    | price_guard |   [LOW] NON_POSITIVE_PRICE - Consumption meter 'Cold RA-GRS Data Write' priced at 0.0 - zero price; confirm the operation is genuinely free.
2026-08-11T21:44:56-0400 | INFO    | price_guard |   [LOW] NON_POSITIVE_PRICE - Consumption meter 'Cold GRS Data Write' priced at 0.0 - zero price; confirm the operation is genuinely free.
2026-08-11T21:44:56-0400 | INFO    | price_guard |   [LOW] NON_POSITIVE_PRICE - Consumption meter 'Cold GZRS Data Write' priced at 0.0 - zero price; confirm the operation is genuinely free.
2026-08-11T21:44:56-0400 | INFO    | price_guard |   [LOW] NON_POSITIVE_PRICE - Consumption meter 'Cold ZRS Data Write' priced at 0.0 - zero price; confirm the operation is genuinely free.
2026-08-11T21:44:56-0400 | INFO    | price_guard |   [LOW] NON_POSITIVE_PRICE - Consumption meter 'Cold RA-GZRS Data Write' priced at 0.0 - zero price; confirm the operation is genuinely free.
2026-08-11T21:44:56-0400 | INFO    | price_guard |   [LOW] NON_POSITIVE_PRICE - Consumption meter 'Cold LRS Data Write' priced at 0.0 - zero price; confirm the operation is genuinely free.
2026-08-11T21:44:56-0400 | INFO    | price_guard |   [LOW] NON_POSITIVE_PRICE - Consumption meter 'Cold LRS Data Write' priced at 0.0 - zero price; confirm the operation is genuinely free.
2026-08-11T21:44:56-0400 | INFO    | price_guard |   [LOW] NON_POSITIVE_PRICE - Consumption meter 'Cold LRS Data Write' priced at 0.0 - zero price; confirm the operation is genuinely free.
2026-08-11T21:44:56-0400 | INFO    | price_guard |   [LOW] NON_POSITIVE_PRICE - Consumption meter 'Geo-Replication Data Transfer' priced at 0.0 - zero price; confirm the operation is genuinely free.
2026-08-11T21:44:56-0400 | INFO    | price_guard |   [LOW] NON_POSITIVE_PRICE - Consumption meter 'Delete Operations' priced at 0.0 - zero price; confirm the operation is genuinely free.
2026-08-11T21:44:56-0400 | INFO    | price_guard |   [LOW] NON_POSITIVE_PRICE - Consumption meter 'Hot GRS Delete Operations' priced at 0.0 - zero price; confirm the operation is genuinely free.
2026-08-11T21:44:56-0400 | INFO    | price_guard |   [LOW] NON_POSITIVE_PRICE - Consumption meter 'Delete Operations' priced at 0.0 - zero price; confirm the operation is genuinely free.
2026-08-11T21:44:56-0400 | INFO    | price_guard |   [LOW] NON_POSITIVE_PRICE - Consumption meter 'Delete Operations' priced at 0.0 - zero price; confirm the operation is genuinely free.
2026-08-11T21:44:56-0400 | INFO    | price_guard |   [LOW] NON_POSITIVE_PRICE - Consumption meter 'Hot GZRS Delete Operations' priced at 0.0 - zero price; confirm the operation is genuinely free.
2026-08-11T21:44:56-0400 | INFO    | price_guard |   [LOW] NON_POSITIVE_PRICE - Consumption meter 'Delete Operations' priced at 0.0 - zero price; confirm the operation is genuinely free.
2026-08-11T21:44:56-0400 | INFO    | price_guard |   [LOW] NON_POSITIVE_PRICE - Consumption meter 'Delete Operations' priced at 0.0 - zero price; confirm the operation is genuinely free.
2026-08-11T21:44:56-0400 | INFO    | price_guard |   [LOW] NON_POSITIVE_PRICE - Consumption meter 'Hot LRS Delete Operations' priced at 0.0 - zero price; confirm the operation is genuinely free.
2026-08-11T21:44:56-0400 | INFO    | price_guard |   [LOW] NON_POSITIVE_PRICE - Consumption meter 'Delete Operations' priced at 0.0 - zero price; confirm the operation is genuinely free.
2026-08-11T21:44:56-0400 | INFO    | price_guard |   [LOW] NON_POSITIVE_PRICE - Consumption meter 'Delete Operations' priced at 0.0 - zero price; confirm the operation is genuinely free.
2026-08-11T21:44:56-0400 | INFO    | price_guard |   [LOW] NON_POSITIVE_PRICE - Consumption meter 'Hot RA-GRS Delete Operations' priced at 0.0 - zero price; confirm the operation is genuinely free.
2026-08-11T21:44:56-0400 | INFO    | price_guard |   [LOW] NON_POSITIVE_PRICE - Consumption meter 'Delete Operations' priced at 0.0 - zero price; confirm the operation is genuinely free.
2026-08-11T21:44:56-0400 | INFO    | price_guard |   [LOW] NON_POSITIVE_PRICE - Consumption meter 'Hot RA-GZRS Delete Operations' priced at 0.0 - zero price; confirm the operation is genuinely free.
2026-08-11T21:44:56-0400 | INFO    | price_guard |   [LOW] NON_POSITIVE_PRICE - Consumption meter 'Delete Operations' priced at 0.0 - zero price; confirm the operation is genuinely free.
2026-08-11T21:44:56-0400 | INFO    | price_guard |   [LOW] NON_POSITIVE_PRICE - Consumption meter 'Delete Operations' priced at 0.0 - zero price; confirm the operation is genuinely free.
2026-08-11T21:44:56-0400 | INFO    | price_guard |   [LOW] NON_POSITIVE_PRICE - Consumption meter 'Hot ZRS Delete Operations' priced at 0.0 - zero price; confirm the operation is genuinely free.
2026-08-11T21:44:56-0400 | INFO    | price_guard |   [LOW] NON_POSITIVE_PRICE - Consumption meter 'Delete Operations' priced at 0.0 - zero price; confirm the operation is genuinely free.
2026-08-11T21:44:56-0400 | INFO    | price_guard |   [LOW] NON_POSITIVE_PRICE - Consumption meter 'Delete Operations' priced at 0.0 - zero price; confirm the operation is genuinely free.
2026-08-11T21:44:56-0400 | INFO    | price_guard |   [LOW] NON_POSITIVE_PRICE - Consumption meter 'Premium LRS Provisioned Throughput (MBps)' priced at 0.0 - zero price; confirm the operation is genuinely free.
2026-08-11T21:44:56-0400 | INFO    | price_guard |   [LOW] NON_POSITIVE_PRICE - Consumption meter 'Premium LRS Provisioned IOPS' priced at 0.0 - zero price; confirm the operation is genuinely free.
2026-08-11T21:44:56-0400 | INFO    | price_guard |   [LOW] NON_POSITIVE_PRICE - Consumption meter 'SSD ZRS Provisioned Throughput MiBPS Free' priced at 0.0 - zero price; confirm the operation is genuinely free.
2026-08-11T21:44:56-0400 | INFO    | price_guard |   [LOW] NON_POSITIVE_PRICE - Consumption meter 'SSD LRS Provisioned IOPS Free' priced at 0.0 - zero price; confirm the operation is genuinely free.
2026-08-11T21:44:56-0400 | INFO    | price_guard |   [LOW] NON_POSITIVE_PRICE - Consumption meter 'SSD ZRS Provisioned IOPS Free' priced at 0.0 - zero price; confirm the operation is genuinely free.
2026-08-11T21:44:56-0400 | INFO    | price_guard |   [LOW] NON_POSITIVE_PRICE - Consumption meter 'SSD LRS Provisioned Throughput MiBPS Free' priced at 0.0 - zero price; confirm the operation is genuinely free.
2026-08-11T21:44:56-0400 | INFO    | price_guard |   [LOW] NON_POSITIVE_PRICE - Consumption meter 'Standard Server - Free' priced at 0.0 - zero price; confirm the operation is genuinely free.
2026-08-11T21:44:56-0400 | INFO    | price_guard |   [LOW] NON_POSITIVE_PRICE - Consumption meter 'GRS Class 1 Additional IO' priced at 0.0 - zero price; confirm the operation is genuinely free.
2026-08-11T21:44:56-0400 | INFO    | price_guard |   [LOW] NON_POSITIVE_PRICE - Consumption meter 'Disk Write Additional IO' priced at 0.0 - zero price; confirm the operation is genuinely free.
2026-08-11T21:44:56-0400 | INFO    | price_guard |   [LOW] NON_POSITIVE_PRICE - Consumption meter 'GRS Write Additional IO' priced at 0.0 - zero price; confirm the operation is genuinely free.
2026-08-11T21:44:56-0400 | INFO    | price_guard |   [LOW] NON_POSITIVE_PRICE - Consumption meter 'Disk Read Additional IO' priced at 0.0 - zero price; confirm the operation is genuinely free.
2026-08-11T21:44:56-0400 | INFO    | price_guard |   [LOW] NON_POSITIVE_PRICE - Consumption meter 'Delete Operations' priced at 0.0 - zero price; confirm the operation is genuinely free.
2026-08-11T21:44:56-0400 | INFO    | price_guard |   [LOW] NON_POSITIVE_PRICE - Consumption meter 'GRS Class 2 Additional IO' priced at 0.0 - zero price; confirm the operation is genuinely free.
2026-08-11T21:44:56-0400 | INFO    | price_guard |   [LOW] NON_POSITIVE_PRICE - Consumption meter 'Delete Operations' priced at 0.0 - zero price; confirm the operation is genuinely free.
2026-08-11T21:44:56-0400 | INFO    | price_guard |   [LOW] NON_POSITIVE_PRICE - Consumption meter 'Read Additional IO' priced at 0.0 - zero price; confirm the operation is genuinely free.
2026-08-11T21:44:56-0400 | INFO    | price_guard |   [LOW] NON_POSITIVE_PRICE - Consumption meter 'Delete Operations' priced at 0.0 - zero price; confirm the operation is genuinely free.
2026-08-11T21:44:56-0400 | INFO    | price_guard |   [LOW] NON_POSITIVE_PRICE - Consumption meter 'Delete Operations' priced at 0.0 - zero price; confirm the operation is genuinely free.
2026-08-11T21:44:56-0400 | INFO    | price_guard |   [LOW] NON_POSITIVE_PRICE - Consumption meter 'Delete Operations' priced at 0.0 - zero price; confirm the operation is genuinely free.
2026-08-11T21:44:56-0400 | INFO    | price_guard |   [LOW] NON_POSITIVE_PRICE - Consumption meter 'Delete Operations' priced at 0.0 - zero price; confirm the operation is genuinely free.
2026-08-11T21:44:56-0400 | INFO    | price_guard |   [LOW] NON_POSITIVE_PRICE - Consumption meter 'Delete Operations' priced at 0.0 - zero price; confirm the operation is genuinely free.
2026-08-11T21:44:56-0400 | INFO    | price_guard |   [LOW] NON_POSITIVE_PRICE - Consumption meter 'Read Additional IO' priced at 0.0 - zero price; confirm the operation is genuinely free.
2026-08-11T21:44:56-0400 | INFO    | price_guard |   [LOW] NON_POSITIVE_PRICE - Consumption meter 'Disk Read Additional IO' priced at 0.0 - zero price; confirm the operation is genuinely free.
2026-08-11T21:44:56-0400 | INFO    | price_guard |   [LOW] NON_POSITIVE_PRICE - Consumption meter 'LRS Class 2 Additional IO' priced at 0.0 - zero price; confirm the operation is genuinely free.
2026-08-11T21:44:56-0400 | INFO    | price_guard |   [LOW] NON_POSITIVE_PRICE - Consumption meter 'Disk Write Additional IO' priced at 0.0 - zero price; confirm the operation is genuinely free.
2026-08-11T21:44:56-0400 | INFO    | price_guard |   [LOW] NON_POSITIVE_PRICE - Consumption meter 'LRS Write Additional IO' priced at 0.0 - zero price; confirm the operation is genuinely free.
2026-08-11T21:44:56-0400 | INFO    | price_guard |   [LOW] NON_POSITIVE_PRICE - Consumption meter 'LRS Class 1 Additional IO' priced at 0.0 - zero price; confirm the operation is genuinely free.
2026-08-11T21:44:56-0400 | INFO    | price_guard |   [LOW] NON_POSITIVE_PRICE - Consumption meter 'Delete Operations' priced at 0.0 - zero price; confirm the operation is genuinely free.
2026-08-11T21:44:56-0400 | INFO    | price_guard |   [LOW] NON_POSITIVE_PRICE - Consumption meter 'Disk Read Additional IO' priced at 0.0 - zero price; confirm the operation is genuinely free.
2026-08-11T21:44:56-0400 | INFO    | price_guard |   [LOW] NON_POSITIVE_PRICE - Consumption meter 'Read Additional IO' priced at 0.0 - zero price; confirm the operation is genuinely free.
2026-08-11T21:44:56-0400 | INFO    | price_guard |   [LOW] NON_POSITIVE_PRICE - Consumption meter 'GRS Class 2 Additional IO' priced at 0.0 - zero price; confirm the operation is genuinely free.
2026-08-11T21:44:56-0400 | INFO    | price_guard |   [LOW] NON_POSITIVE_PRICE - Consumption meter 'GRS Class 1 Additional IO' priced at 0.0 - zero price; confirm the operation is genuinely free.
2026-08-11T21:44:56-0400 | INFO    | price_guard |   [LOW] NON_POSITIVE_PRICE - Consumption meter 'GRS Write Additional IO' priced at 0.0 - zero price; confirm the operation is genuinely free.
2026-08-11T21:44:56-0400 | INFO    | price_guard |   [LOW] NON_POSITIVE_PRICE - Consumption meter 'Delete Operations' priced at 0.0 - zero price; confirm the operation is genuinely free.
2026-08-11T21:44:56-0400 | INFO    | price_guard |   [LOW] NON_POSITIVE_PRICE - Consumption meter 'Disk Write Additional IO' priced at 0.0 - zero price; confirm the operation is genuinely free.
2026-08-11T21:44:56-0400 | INFO    | price_guard |   [LOW] NON_POSITIVE_PRICE - Consumption meter 'Delete Operations' priced at 0.0 - zero price; confirm the operation is genuinely free.
2026-08-11T21:44:56-0400 | INFO    | price_guard |   [LOW] NON_POSITIVE_PRICE - Consumption meter 'Delete Operations' priced at 0.0 - zero price; confirm the operation is genuinely free.
2026-08-11T21:44:56-0400 | INFO    | price_guard |   [LOW] NON_POSITIVE_PRICE - Consumption meter 'Delete Operations' priced at 0.0 - zero price; confirm the operation is genuinely free.
